 DefaultProject

 Timestamp is 6039c744 (Sat Feb 27 17:15:00 2021)

 Preferred load address is 0000000140000000

 Start         Length     Name                   Class
 0001:00000000 000000f7H .text$mn                CODE
 0002:00000000 00000054H .rdata                  DATA
 0002:00000054 000000d0H .rdata$zzzdbg           DATA
 0002:00000124 00000010H .xdata                  DATA
 0002:00000134 00000000H .edata                  DATA
 0003:00000000 00000004H .data                   DATA
 0004:00000000 00000018H .pdata                  DATA

  Address         Publics by Value              Rva+Base               Lib:Object

 0000:00000000       __hybrid_code_map_count    0000000000000000     <absolute>
 0000:00000000       __arm64x_native_entrypoint 0000000000000000     <absolute>
 0000:00000000       __guard_eh_cont_table      0000000000000000     <absolute>
 0000:00000000       __enclave_config           0000000000000000     <absolute>
 0000:00000000       __arm64x_redirection_metadata_count 0000000000000000     <absolute>
 0000:00000000       __guard_fids_table         0000000000000000     <absolute>
 0000:00000000       __AbsoluteZero             0000000000000000     <absolute>
 0000:00000000       __hybrid_auxiliary_iat     0000000000000000     <absolute>
 0000:00000000       __dynamic_value_reloc_table 0000000000000000     <absolute>
 0000:00000000       __guard_longjmp_count      0000000000000000     <absolute>
 0000:00000000       __guard_iat_count          0000000000000000     <absolute>
 0000:00000000       __guard_flags              0000000000000000     <absolute>
 0000:00000000       __guard_iat_table          0000000000000000     <absolute>
 0000:00000000       __arm64x_redirection_metadata 0000000000000000     <absolute>
 0000:00000000       __guard_eh_cont_count      0000000000000000     <absolute>
 0000:00000000       __x64_code_ranges_to_entry_points_count 0000000000000000     <absolute>
 0000:00000000       ___safe_se_handler_table   0000000000000000     <absolute>
 0000:00000000       ___safe_se_handler_count   0000000000000000     <absolute>
 0000:00000000       __guard_longjmp_table      0000000000000000     <absolute>
 0000:00000000       __x64_code_ranges_to_entry_points 0000000000000000     <absolute>
 0000:00000000       __guard_fids_count         0000000000000000     <absolute>
 0000:00000000       __arm64x_extra_rfe_table_size 0000000000000000     <absolute>
 0000:00000000       __arm64x_extra_rfe_table   0000000000000000     <absolute>
 0000:00000000       __hybrid_code_map          0000000000000000     <absolute>
 0000:00000000       __volatile_metadata        0000000000000000     <absolute>
 0001:00000000       Main                       0000000140001000 f   Main.obj
 0001:00000010       memset                     0000000140001010 f   MSVC_CRT_Windows.obj
 0001:00000080       memcpy                     0000000140001080 f   MSVC_CRT_Windows.obj
 0003:00000000       _fltused                   0000000140003000     MSVC_CRT_Windows.obj

 entry point at        0001:00000000

 Static symbols

 0002:00000124       $unwind$memset             0000000140002124     MSVC_CRT_Windows.obj
 0002:0000012c       $unwind$memcpy             000000014000212c     MSVC_CRT_Windows.obj
